// Vitest Snapshot v1, https://vitest.dev/guide/snapshot.html

exports[`buttonVariants snapshots > extra className is merged into output 1`] = `"inline-flex items-center justify-center gap-2 whitespace-nowrap text-sm font-medium transition-colors focus-visible:outline-none focus-visible:ring-1 focus-visible:ring-ring disabled:pointer-events-none disabled:opacity-50 [&_svg]:pointer-events-none [&_svg]:size-4 [&_svg]:shrink-0 rounded-none bg-[var(--color-yellow)] text-[var(--color-graphite)] hover:bg-[var(--color-gold)] h-12 px-6 py-2 w-full"`;

exports[`buttonVariants snapshots > no arguments uses defaultVariants 1`] = `"inline-flex items-center justify-center gap-2 whitespace-nowrap text-sm font-medium transition-colors focus-visible:outline-none focus-visible:ring-1 focus-visible:ring-ring disabled:pointer-events-none disabled:opacity-50 [&_svg]:pointer-events-none [&_svg]:size-4 [&_svg]:shrink-0 rounded-none bg-[var(--color-yellow)] text-[var(--color-graphite)] hover:bg-[var(--color-gold)] h-12 px-6 py-2"`;

exports[`buttonVariants snapshots > variant="default" size="default" 1`] = `"inline-flex items-center justify-center gap-2 whitespace-nowrap text-sm font-medium transition-colors focus-visible:outline-none focus-visible:ring-1 focus-visible:ring-ring disabled:pointer-events-none disabled:opacity-50 [&_svg]:pointer-events-none [&_svg]:size-4 [&_svg]:shrink-0 rounded-none bg-[var(--color-yellow)] text-[var(--color-graphite)] hover:bg-[var(--color-gold)] h-12 px-6 py-2"`;

exports[`buttonVariants snapshots > variant="default" size="icon" 1`] = `"inline-flex items-center justify-center gap-2 whitespace-nowrap text-sm font-medium transition-colors focus-visible:outline-none focus-visible:ring-1 focus-visible:ring-ring disabled:pointer-events-none disabled:opacity-50 [&_svg]:pointer-events-none [&_svg]:size-4 [&_svg]:shrink-0 rounded-none bg-[var(--color-yellow)] text-[var(--color-graphite)] hover:bg-[var(--color-gold)] h-12 w-12"`;

exports[`buttonVariants snapshots > variant="default" size="lg" 1`] = `"inline-flex items-center justify-center gap-2 whitespace-nowrap text-sm font-medium transition-colors focus-visible:outline-none focus-visible:ring-1 focus-visible:ring-ring disabled:pointer-events-none disabled:opacity-50 [&_svg]:pointer-events-none [&_svg]:size-4 [&_svg]:shrink-0 rounded-none bg-[var(--color-yellow)] text-[var(--color-graphite)] hover:bg-[var(--color-gold)] h-14 px-8 text-base"`;

exports[`buttonVariants snapshots > variant="default" size="sm" 1`] = `"inline-flex items-center justify-center gap-2 whitespace-nowrap text-sm font-medium transition-colors focus-visible:outline-none focus-visible:ring-1 focus-visible:ring-ring disabled:pointer-events-none disabled:opacity-50 [&_svg]:pointer-events-none [&_svg]:size-4 [&_svg]:shrink-0 rounded-none bg-[var(--color-yellow)] text-[var(--color-graphite)] hover:bg-[var(--color-gold)] h-10 px-4"`;

exports[`buttonVariants snapshots > variant="ghost" size="default" 1`] = `"inline-flex items-center justify-center gap-2 whitespace-nowrap text-sm font-medium transition-colors focus-visible:outline-none focus-visible:ring-1 focus-visible:ring-ring disabled:pointer-events-none disabled:opacity-50 [&_svg]:pointer-events-none [&_svg]:size-4 [&_svg]:shrink-0 rounded-none border-2 border-[var(--color-graphite)] text-[var(--color-graphite)] bg-transparent hover:bg-[var(--color-graphite)] hover:text-[var(--color-white)] h-12 px-6 py-2"`;

exports[`buttonVariants snapshots > variant="ghost" size="icon" 1`] = `"inline-flex items-center justify-center gap-2 whitespace-nowrap text-sm font-medium transition-colors focus-visible:outline-none focus-visible:ring-1 focus-visible:ring-ring disabled:pointer-events-none disabled:opacity-50 [&_svg]:pointer-events-none [&_svg]:size-4 [&_svg]:shrink-0 rounded-none border-2 border-[var(--color-graphite)] text-[var(--color-graphite)] bg-transparent hover:bg-[var(--color-graphite)] hover:text-[var(--color-white)] h-12 w-12"`;

exports[`buttonVariants snapshots > variant="ghost" size="lg" 1`] = `"inline-flex items-center justify-center gap-2 whitespace-nowrap text-sm font-medium transition-colors focus-visible:outline-none focus-visible:ring-1 focus-visible:ring-ring disabled:pointer-events-none disabled:opacity-50 [&_svg]:pointer-events-none [&_svg]:size-4 [&_svg]:shrink-0 rounded-none border-2 border-[var(--color-graphite)] text-[var(--color-graphite)] bg-transparent hover:bg-[var(--color-graphite)] hover:text-[var(--color-white)] h-14 px-8 text-base"`;

exports[`buttonVariants snapshots > variant="ghost" size="sm" 1`] = `"inline-flex items-center justify-center gap-2 whitespace-nowrap text-sm font-medium transition-colors focus-visible:outline-none focus-visible:ring-1 focus-visible:ring-ring disabled:pointer-events-none disabled:opacity-50 [&_svg]:pointer-events-none [&_svg]:size-4 [&_svg]:shrink-0 rounded-none border-2 border-[var(--color-graphite)] text-[var(--color-graphite)] bg-transparent hover:bg-[var(--color-graphite)] hover:text-[var(--color-white)] h-10 px-4"`;

exports[`buttonVariants snapshots > variant="link" size="default" 1`] = `"inline-flex items-center justify-center gap-2 whitespace-nowrap text-sm font-medium transition-colors focus-visible:outline-none focus-visible:ring-1 focus-visible:ring-ring disabled:pointer-events-none disabled:opacity-50 [&_svg]:pointer-events-none [&_svg]:size-4 [&_svg]:shrink-0 rounded-none text-primary underline-offset-4 hover:underline h-12 px-6 py-2"`;

exports[`buttonVariants snapshots > variant="link" size="icon" 1`] = `"inline-flex items-center justify-center gap-2 whitespace-nowrap text-sm font-medium transition-colors focus-visible:outline-none focus-visible:ring-1 focus-visible:ring-ring disabled:pointer-events-none disabled:opacity-50 [&_svg]:pointer-events-none [&_svg]:size-4 [&_svg]:shrink-0 rounded-none text-primary underline-offset-4 hover:underline h-12 w-12"`;

exports[`buttonVariants snapshots > variant="link" size="lg" 1`] = `"inline-flex items-center justify-center gap-2 whitespace-nowrap text-sm font-medium transition-colors focus-visible:outline-none focus-visible:ring-1 focus-visible:ring-ring disabled:pointer-events-none disabled:opacity-50 [&_svg]:pointer-events-none [&_svg]:size-4 [&_svg]:shrink-0 rounded-none text-primary underline-offset-4 hover:underline h-14 px-8 text-base"`;

exports[`buttonVariants snapshots > variant="link" size="sm" 1`] = `"inline-flex items-center justify-center gap-2 whitespace-nowrap text-sm font-medium transition-colors focus-visible:outline-none focus-visible:ring-1 focus-visible:ring-ring disabled:pointer-events-none disabled:opacity-50 [&_svg]:pointer-events-none [&_svg]:size-4 [&_svg]:shrink-0 rounded-none text-primary underline-offset-4 hover:underline h-10 px-4"`;

exports[`buttonVariants snapshots > variant="primary" size="default" 1`] = `"inline-flex items-center justify-center gap-2 whitespace-nowrap text-sm font-medium transition-colors focus-visible:outline-none focus-visible:ring-1 focus-visible:ring-ring disabled:pointer-events-none disabled:opacity-50 [&_svg]:pointer-events-none [&_svg]:size-4 [&_svg]:shrink-0 rounded-none bg-[var(--color-yellow)] text-[var(--color-graphite)] hover:bg-[var(--color-gold)] h-12 px-6 py-2"`;

exports[`buttonVariants snapshots > variant="primary" size="icon" 1`] = `"inline-flex items-center justify-center gap-2 whitespace-nowrap text-sm font-medium transition-colors focus-visible:outline-none focus-visible:ring-1 focus-visible:ring-ring disabled:pointer-events-none disabled:opacity-50 [&_svg]:pointer-events-none [&_svg]:size-4 [&_svg]:shrink-0 rounded-none bg-[var(--color-yellow)] text-[var(--color-graphite)] hover:bg-[var(--color-gold)] h-12 w-12"`;

exports[`buttonVariants snapshots > variant="primary" size="lg" 1`] = `"inline-flex items-center justify-center gap-2 whitespace-nowrap text-sm font-medium transition-colors focus-visible:outline-none focus-visible:ring-1 focus-visible:ring-ring disabled:pointer-events-none disabled:opacity-50 [&_svg]:pointer-events-none [&_svg]:size-4 [&_svg]:shrink-0 rounded-none bg-[var(--color-yellow)] text-[var(--color-graphite)] hover:bg-[var(--color-gold)] h-14 px-8 text-base"`;

exports[`buttonVariants snapshots > variant="primary" size="sm" 1`] = `"inline-flex items-center justify-center gap-2 whitespace-nowrap text-sm font-medium transition-colors focus-visible:outline-none focus-visible:ring-1 focus-visible:ring-ring disabled:pointer-events-none disabled:opacity-50 [&_svg]:pointer-events-none [&_svg]:size-4 [&_svg]:shrink-0 rounded-none bg-[var(--color-yellow)] text-[var(--color-graphite)] hover:bg-[var(--color-gold)] h-10 px-4"`;

exports[`buttonVariants snapshots > variant="secondary" size="default" 1`] = `"inline-flex items-center justify-center gap-2 whitespace-nowrap text-sm font-medium transition-colors focus-visible:outline-none focus-visible:ring-1 focus-visible:ring-ring disabled:pointer-events-none disabled:opacity-50 [&_svg]:pointer-events-none [&_svg]:size-4 [&_svg]:shrink-0 rounded-none bg-[var(--color-graphite)] text-[var(--color-white)] hover:bg-black h-12 px-6 py-2"`;

exports[`buttonVariants snapshots > variant="secondary" size="icon" 1`] = `"inline-flex items-center justify-center gap-2 whitespace-nowrap text-sm font-medium transition-colors focus-visible:outline-none focus-visible:ring-1 focus-visible:ring-ring disabled:pointer-events-none disabled:opacity-50 [&_svg]:pointer-events-none [&_svg]:size-4 [&_svg]:shrink-0 rounded-none bg-[var(--color-graphite)] text-[var(--color-white)] hover:bg-black h-12 w-12"`;

exports[`buttonVariants snapshots > variant="secondary" size="lg" 1`] = `"inline-flex items-center justify-center gap-2 whitespace-nowrap text-sm font-medium transition-colors focus-visible:outline-none focus-visible:ring-1 focus-visible:ring-ring disabled:pointer-events-none disabled:opacity-50 [&_svg]:pointer-events-none [&_svg]:size-4 [&_svg]:shrink-0 rounded-none bg-[var(--color-graphite)] text-[var(--color-white)] hover:bg-black h-14 px-8 text-base"`;

exports[`buttonVariants snapshots > variant="secondary" size="sm" 1`] = `"inline-flex items-center justify-center gap-2 whitespace-nowrap text-sm font-medium transition-colors focus-visible:outline-none focus-visible:ring-1 focus-visible:ring-ring disabled:pointer-events-none disabled:opacity-50 [&_svg]:pointer-events-none [&_svg]:size-4 [&_svg]:shrink-0 rounded-none bg-[var(--color-graphite)] text-[var(--color-white)] hover:bg-black h-10 px-4"`;
