// Vitest Snapshot v1, https://vitest.dev/guide/snapshot.html

exports[`Card > renders with base layout classes 1`] = `"rounded-xl border bg-card text-card-foreground shadow"`;

exports[`CardContent > renders with base padding classes 1`] = `"p-6 pt-0"`;

exports[`CardDescription > renders with base typography classes 1`] = `"text-sm text-muted-foreground"`;

exports[`CardFooter > renders with base layout classes 1`] = `"flex items-center p-6 pt-0"`;

exports[`CardHeader > renders with base layout classes 1`] = `"flex flex-col space-y-1.5 p-6"`;

exports[`CardTitle > renders with base typography classes 1`] = `"font-semibold leading-none tracking-tight"`;
